
2024-11-20 06:56:34,091 - admin_handlers - INFO - In admin_handlers.py, SELECT_GAME id: 139080351291328
Traceback (most recent call last):
  File "/home/ubuntu/bot.py", line 28, in <module>
    from admin_handlers import (
ImportError: cannot import name 'edit_existing_game' from 'admin_handlers' (/home/ubuntu/admin_handlers.py)
2024-11-20 06:56:37,459 - admin_handlers - INFO - In admin_handlers.py, SELECT_GAME id: 137576867861600
Traceback (most recent call last):
  File "/home/ubuntu/bot.py", line 28, in <module>
    from admin_handlers import (
ImportError: cannot import name 'edit_existing_game' from 'admin_handlers' (/home/ubuntu/admin_handlers.py)
2024-11-20 06:56:39,805 - admin_handlers - INFO - In admin_handlers.py, SELECT_GAME id: 134350706233456
Traceback (most recent call last):
  File "/home/ubuntu/bot.py", line 28, in <module>
    from admin_handlers import (
ImportError: cannot import name 'edit_existing_game' from 'admin_handlers' (/home/ubuntu/admin_handlers.py)
2024-11-20 06:56:42,551 - admin_handlers - INFO - In admin_handlers.py, SELECT_GAME id: 123385310615488
Traceback (most recent call last):
  File "/home/ubuntu/bot.py", line 28, in <module>
    from admin_handlers import (
ImportError: cannot import name 'edit_existing_game' from 'admin_handlers' (/home/ubuntu/admin_handlers.py)
2024-11-20 06:56:45,547 - admin_handlers - INFO - In admin_handlers.py, SELECT_GAME id: 133238809499584
Traceback (most recent call last):
  File "/home/ubuntu/bot.py", line 28, in <module>
    from admin_handlers import (
ImportError: cannot import name 'edit_existing_game' from 'admin_handlers' (/home/ubuntu/admin_handlers.py)
2024-11-20 06:56:46,348 - admin_handlers - INFO - In admin_handlers.py, SELECT_GAME id: 123826185246656
Traceback (most recent call last):
  File "/home/ubuntu/bot.py", line 28, in <module>
    from admin_handlers import (
ImportError: cannot import name 'edit_existing_game' from 'admin_handlers' (/home/ubuntu/admin_handlers.py)
2024-11-20 06:56:49,168 - admin_handlers - INFO - In admin_handlers.py, SELECT_GAME id: 140192060151744
Traceback (most recent call last):
  File "/home/ubuntu/bot.py", line 28, in <module>
    from admin_handlers import (
ImportError: cannot import name 'edit_existing_game' from 'admin_handlers' (/home/ubuntu/admin_handlers.py)
2024-11-20 06:56:52,270 - admin_handlers - INFO - In admin_handlers.py, SELECT_GAME id: 126016014587840
Traceback (most recent call last):
  File "/home/ubuntu/bot.py", line 28, in <module>
    from admin_handlers import (
ImportError: cannot import name 'edit_existing_game' from 'admin_handlers' (/home/ubuntu/admin_handlers.py)
2024-11-20 06:56:54,380 - admin_handlers - INFO - In admin_handlers.py, SELECT_GAME id: 130376514195568
Traceback (most recent call last):
  File "/home/ubuntu/bot.py", line 28, in <module>
    from admin_handlers import (
ImportError: cannot import name 'edit_existing_game' from 'admin_handlers' (/home/ubuntu/admin_handlers.py)
2024-11-20 06:56:56,137 - admin_handlers - INFO - In admin_handlers.py, SELECT_GAME id: 138563005448320
Traceback (most recent call last):
  File "/home/ubuntu/bot.py", line 28, in <module>
    from admin_handlers import (
ImportError: cannot import name 'edit_existing_game' from 'admin_handlers' (/home/ubuntu/admin_handlers.py)
2024-11-20 06:56:58,673 - admin_handlers - INFO - In admin_handlers.py, SELECT_GAME id: 139076341126720
Traceback (most recent call last):
  File "/home/ubuntu/bot.py", line 28, in <module>
    from admin_handlers import (
ImportError: cannot import name 'edit_existing_game' from 'admin_handlers' (/home/ubuntu/admin_handlers.py)
2024-11-20 06:57:01,053 - admin_handlers - INFO - In admin_handlers.py, SELECT_GAME id: 126048975438000
Traceback (most recent call last):
  File "/home/ubuntu/bot.py", line 28, in <module>
    from admin_handlers import (
ImportError: cannot import name 'edit_existing_game' from 'admin_handlers' (/home/ubuntu/admin_handlers.py)
2024-11-20 06:57:04,015 - admin_handlers - INFO - In admin_handlers.py, SELECT_GAME id: 132226559787424
Traceback (most recent call last):
  File "/home/ubuntu/bot.py", line 28, in <module>
    from admin_handlers import (
ImportError: cannot import name 'edit_existing_game' from 'admin_handlers' (/home/ubuntu/admin_handlers.py)
2024-11-20 06:57:05,849 - admin_handlers - INFO - In admin_handlers.py, SELECT_GAME id: 134879744432064
Traceback (most recent call last):
  File "/home/ubuntu/bot.py", line 28, in <module>
    from admin_handlers import (
ImportError: cannot import name 'edit_existing_game' from 'admin_handlers' (/home/ubuntu/admin_handlers.py)
2024-11-20 06:57:08,990 - admin_handlers - INFO - In admin_handlers.py, SELECT_GAME id: 135570094364608
Traceback (most recent call last):
  File "/home/ubuntu/bot.py", line 28, in <module>
    from admin_handlers import (
ImportError: cannot import name 'edit_existing_game' from 'admin_handlers' (/home/ubuntu/admin_handlers.py)
2024-11-20 06:57:11,066 - admin_handlers - INFO - In admin_handlers.py, SELECT_GAME id: 128775751636928
Traceback (most recent call last):
  File "/home/ubuntu/bot.py", line 28, in <module>
    from admin_handlers import (
ImportError: cannot import name 'edit_existing_game' from 'admin_handlers' (/home/ubuntu/admin_handlers.py)
2024-11-20 06:57:13,579 - admin_handlers - INFO - In admin_handlers.py, SELECT_GAME id: 133030666584240
Traceback (most recent call last):
  File "/home/ubuntu/bot.py", line 28, in <module>
    from admin_handlers import (
ImportError: cannot import name 'edit_existing_game' from 'admin_handlers' (/home/ubuntu/admin_handlers.py)
2024-11-20 06:57:16,985 - admin_handlers - INFO - In admin_handlers.py, SELECT_GAME id: 134733610254512
Traceback (most recent call last):
  File "/home/ubuntu/bot.py", line 28, in <module>
    from admin_handlers import (
ImportError: cannot import name 'edit_existing_game' from 'admin_handlers' (/home/ubuntu/admin_handlers.py)
2024-11-20 06:57:20,205 - admin_handlers - INFO - In admin_handlers.py, SELECT_GAME id: 127122551674816
Traceback (most recent call last):
  File "/home/ubuntu/bot.py", line 28, in <module>
    from admin_handlers import (
ImportError: cannot import name 'edit_existing_game' from 'admin_handlers' (/home/ubuntu/admin_handlers.py)
2024-11-20 06:57:22,843 - admin_handlers - INFO - In admin_handlers.py, SELECT_GAME id: 131339830335424
Traceback (most recent call last):
  File "/home/ubuntu/bot.py", line 28, in <module>
    from admin_handlers import (
ImportError: cannot import name 'edit_existing_game' from 'admin_handlers' (/home/ubuntu/admin_handlers.py)
2024-11-20 06:57:26,029 - admin_handlers - INFO - In admin_handlers.py, SELECT_GAME id: 134440461959440
Traceback (most recent call last):
  File "/home/ubuntu/bot.py", line 28, in <module>
    from admin_handlers import (
ImportError: cannot import name 'edit_existing_game' from 'admin_handlers' (/home/ubuntu/admin_handlers.py)
2024-11-20 06:57:27,543 - admin_handlers - INFO - In admin_handlers.py, SELECT_GAME id: 134513738503408
Traceback (most recent call last):
  File "/home/ubuntu/bot.py", line 28, in <module>
    from admin_handlers import (
ImportError: cannot import name 'edit_existing_game' from 'admin_handlers' (/home/ubuntu/admin_handlers.py)
2024-11-20 06:57:29,888 - admin_handlers - INFO - In admin_handlers.py, SELECT_GAME id: 132251232915568
Traceback (most recent call last):
  File "/home/ubuntu/bot.py", line 28, in <module>
    from admin_handlers import (
ImportError: cannot import name 'edit_existing_game' from 'admin_handlers' (/home/ubuntu/admin_handlers.py)
2024-11-20 06:57:33,049 - admin_handlers - INFO - In admin_handlers.py, SELECT_GAME id: 134664960495728
Traceback (most recent call last):
  File "/home/ubuntu/bot.py", line 28, in <module>
    from admin_handlers import (
ImportError: cannot import name 'edit_existing_game' from 'admin_handlers' (/home/ubuntu/admin_handlers.py)
2024-11-20 06:57:35,795 - admin_handlers - INFO - In admin_handlers.py, SELECT_GAME id: 128694625801888
Traceback (most recent call last):
  File "/home/ubuntu/bot.py", line 28, in <module>
    from admin_handlers import (
ImportError: cannot import name 'edit_existing_game' from 'admin_handlers' (/home/ubuntu/admin_handlers.py)
2024-11-20 06:57:37,937 - admin_handlers - INFO - In admin_handlers.py, SELECT_GAME id: 132396478615664
Traceback (most recent call last):
  File "/home/ubuntu/bot.py", line 28, in <module>
    from admin_handlers import (
ImportError: cannot import name 'edit_existing_game' from 'admin_handlers' (/home/ubuntu/admin_handlers.py)
2024-11-20 06:57:40,791 - admin_handlers - INFO - In admin_handlers.py, SELECT_GAME id: 140363898736752
Traceback (most recent call last):
  File "/home/ubuntu/bot.py", line 28, in <module>
    from admin_handlers import (
ImportError: cannot import name 'edit_existing_game' from 'admin_handlers' (/home/ubuntu/admin_handlers.py)
2024-11-20 06:57:42,174 - admin_handlers - INFO - In admin_handlers.py, SELECT_GAME id: 138782424711536
Traceback (most recent call last):
  File "/home/ubuntu/bot.py", line 28, in <module>
    from admin_handlers import (
ImportError: cannot import name 'edit_existing_game' from 'admin_handlers' (/home/ubuntu/admin_handlers.py)
2024-11-20 06:57:44,553 - admin_handlers - INFO - In admin_handlers.py, SELECT_GAME id: 124614726990400
Traceback (most recent call last):
  File "/home/ubuntu/bot.py", line 28, in <module>
    from admin_handlers import (
ImportError: cannot import name 'edit_existing_game' from 'admin_handlers' (/home/ubuntu/admin_handlers.py)
2024-11-20 06:57:46,931 - admin_handlers - INFO - In admin_handlers.py, SELECT_GAME id: 124641892276016
Traceback (most recent call last):
  File "/home/ubuntu/bot.py", line 28, in <module>
    from admin_handlers import (
ImportError: cannot import name 'edit_existing_game' from 'admin_handlers' (/home/ubuntu/admin_handlers.py)
2024-11-20 06:57:48,305 - admin_handlers - INFO - In admin_handlers.py, SELECT_GAME id: 126557456505776
Traceback (most recent call last):
  File "/home/ubuntu/bot.py", line 28, in <module>
    from admin_handlers import (
ImportError: cannot import name 'edit_existing_game' from 'admin_handlers' (/home/ubuntu/admin_handlers.py)
2024-11-20 06:57:50,673 - admin_handlers - INFO - In admin_handlers.py, SELECT_GAME id: 130105678712944
Traceback (most recent call last):
  File "/home/ubuntu/bot.py", line 28, in <module>
    from admin_handlers import (
ImportError: cannot import name 'edit_existing_game' from 'admin_handlers' (/home/ubuntu/admin_handlers.py)
2024-11-20 06:57:54,040 - admin_handlers - INFO - In admin_handlers.py, SELECT_GAME id: 139687077943232
Traceback (most recent call last):
  File "/home/ubuntu/bot.py", line 28, in <module>
    from admin_handlers import (
ImportError: cannot import name 'edit_existing_game' from 'admin_handlers' (/home/ubuntu/admin_handlers.py)
2024-11-20 12:20:53,057 - admin_handlers - INFO - In admin_handlers.py, SELECT_GAME id: 128090532728944
Traceback (most recent call last):
  File "/home/ubuntu/bot.py", line 28, in <module>
    from admin_handlers import (
ImportError: cannot import name 'edit_existing_game' from 'admin_handlers' (/home/ubuntu/admin_handlers.py)
2024-11-20 12:20:54,618 - admin_handlers - INFO - In admin_handlers.py, SELECT_GAME id: 134826310500480
Traceback (most recent call last):
  File "/home/ubuntu/bot.py", line 28, in <module>
    from admin_handlers import (
ImportError: cannot import name 'edit_existing_game' from 'admin_handlers' (/home/ubuntu/admin_handlers.py)
2024-11-20 12:20:56,988 - admin_handlers - INFO - In admin_handlers.py, SELECT_GAME id: 125009440036512
Traceback (most recent call last):
  File "/home/ubuntu/bot.py", line 28, in <module>
    from admin_handlers import (
ImportError: cannot import name 'edit_existing_game' from 'admin_handlers' (/home/ubuntu/admin_handlers.py)
2024-11-20 12:20:59,363 - admin_handlers - INFO - In admin_handlers.py, SELECT_GAME id: 128539441135696
Traceback (most recent call last):
  File "/home/ubuntu/bot.py", line 28, in <module>
    from admin_handlers import (
ImportError: cannot import name 'edit_existing_game' from 'admin_handlers' (/home/ubuntu/admin_handlers.py)
2024-11-20 12:21:00,729 - admin_handlers - INFO - In admin_handlers.py, SELECT_GAME id: 139882066663264
Traceback (most recent call last):
  File "/home/ubuntu/bot.py", line 28, in <module>
    from admin_handlers import (
ImportError: cannot import name 'edit_existing_game' from 'admin_handlers' (/home/ubuntu/admin_handlers.py)
2024-11-20 12:21:03,099 - admin_handlers - INFO - In admin_handlers.py, SELECT_GAME id: 137412421294016
Traceback (most recent call last):
  File "/home/ubuntu/bot.py", line 28, in <module>
    from admin_handlers import (
ImportError: cannot import name 'edit_existing_game' from 'admin_handlers' (/home/ubuntu/admin_handlers.py)
2024-11-20 12:21:05,471 - admin_handlers - INFO - In admin_handlers.py, SELECT_GAME id: 136247765342144
Traceback (most recent call last):
  File "/home/ubuntu/bot.py", line 28, in <module>
    from admin_handlers import (
ImportError: cannot import name 'edit_existing_game' from 'admin_handlers' (/home/ubuntu/admin_handlers.py)
2024-11-20 12:21:07,844 - admin_handlers - INFO - In admin_handlers.py, SELECT_GAME id: 132145254832064
Traceback (most recent call last):
  File "/home/ubuntu/bot.py", line 28, in <module>
    from admin_handlers import (
ImportError: cannot import name 'edit_existing_game' from 'admin_handlers' (/home/ubuntu/admin_handlers.py)
2024-11-20 12:21:10,215 - admin_handlers - INFO - In admin_handlers.py, SELECT_GAME id: 126830252380272
Traceback (most recent call last):
  File "/home/ubuntu/bot.py", line 28, in <module>
    from admin_handlers import (
ImportError: cannot import name 'edit_existing_game' from 'admin_handlers' (/home/ubuntu/admin_handlers.py)
2024-11-20 12:21:12,582 - admin_handlers - INFO - In admin_handlers.py, SELECT_GAME id: 128408556929200
Traceback (most recent call last):
  File "/home/ubuntu/bot.py", line 28, in <module>
    from admin_handlers import (
ImportError: cannot import name 'edit_existing_game' from 'admin_handlers' (/home/ubuntu/admin_handlers.py)
2024-11-20 12:21:14,953 - admin_handlers - INFO - In admin_handlers.py, SELECT_GAME id: 136952306505616
Traceback (most recent call last):
  File "/home/ubuntu/bot.py", line 28, in <module>
    from admin_handlers import (
ImportError: cannot import name 'edit_existing_game' from 'admin_handlers' (/home/ubuntu/admin_handlers.py)
2024-11-20 12:21:17,327 - admin_handlers - INFO - In admin_handlers.py, SELECT_GAME id: 128188806594640
Traceback (most recent call last):
  File "/home/ubuntu/bot.py", line 28, in <module>
    from admin_handlers import (
ImportError: cannot import name 'edit_existing_game' from 'admin_handlers' (/home/ubuntu/admin_handlers.py)
2024-11-20 12:21:19,695 - admin_handlers - INFO - In admin_handlers.py, SELECT_GAME id: 139631502038064
Traceback (most recent call last):
  File "/home/ubuntu/bot.py", line 28, in <module>
    from admin_handlers import (
ImportError: cannot import name 'edit_existing_game' from 'admin_handlers' (/home/ubuntu/admin_handlers.py)
2024-11-20 12:21:21,061 - admin_handlers - INFO - In admin_handlers.py, SELECT_GAME id: 127654311139264
Traceback (most recent call last):
  File "/home/ubuntu/bot.py", line 28, in <module>
    from admin_handlers import (
ImportError: cannot import name 'edit_existing_game' from 'admin_handlers' (/home/ubuntu/admin_handlers.py)
2024-11-20 12:21:23,439 - admin_handlers - INFO - In admin_handlers.py, SELECT_GAME id: 134547845337200
Traceback (most recent call last):
  File "/home/ubuntu/bot.py", line 28, in <module>
    from admin_handlers import (
ImportError: cannot import name 'edit_existing_game' from 'admin_handlers' (/home/ubuntu/admin_handlers.py)
2024-11-20 12:21:25,808 - admin_handlers - INFO - In admin_handlers.py, SELECT_GAME id: 139328791320512
Traceback (most recent call last):
  File "/home/ubuntu/bot.py", line 28, in <module>
    from admin_handlers import (
ImportError: cannot import name 'edit_existing_game' from 'admin_handlers' (/home/ubuntu/admin_handlers.py)
2024-11-20 12:21:27,181 - admin_handlers - INFO - In admin_handlers.py, SELECT_GAME id: 133540562260080
Traceback (most recent call last):
  File "/home/ubuntu/bot.py", line 28, in <module>
    from admin_handlers import (
ImportError: cannot import name 'edit_existing_game' from 'admin_handlers' (/home/ubuntu/admin_handlers.py)
2024-11-20 12:21:29,547 - admin_handlers - INFO - In admin_handlers.py, SELECT_GAME id: 123133895972800
Traceback (most recent call last):
  File "/home/ubuntu/bot.py", line 28, in <module>
    from admin_handlers import (
ImportError: cannot import name 'edit_existing_game' from 'admin_handlers' (/home/ubuntu/admin_handlers.py)
2024-11-20 12:21:31,919 - admin_handlers - INFO - In admin_handlers.py, SELECT_GAME id: 124614277611936
Traceback (most recent call last):
  File "/home/ubuntu/bot.py", line 28, in <module>
    from admin_handlers import (
ImportError: cannot import name 'edit_existing_game' from 'admin_handlers' (/home/ubuntu/admin_handlers.py)
2024-11-20 12:21:33,287 - admin_handlers - INFO - In admin_handlers.py, SELECT_GAME id: 123264583914832
Traceback (most recent call last):
  File "/home/ubuntu/bot.py", line 28, in <module>
    from admin_handlers import (
ImportError: cannot import name 'edit_existing_game' from 'admin_handlers' (/home/ubuntu/admin_handlers.py)
2024-11-20 12:21:35,656 - admin_handlers - INFO - In admin_handlers.py, SELECT_GAME id: 124375333088736
Traceback (most recent call last):
  File "/home/ubuntu/bot.py", line 28, in <module>
    from admin_handlers import (
ImportError: cannot import name 'edit_existing_game' from 'admin_handlers' (/home/ubuntu/admin_handlers.py)
2024-11-20 12:21:38,037 - admin_handlers - INFO - In admin_handlers.py, SELECT_GAME id: 136854157918336
Traceback (most recent call last):
  File "/home/ubuntu/bot.py", line 28, in <module>
    from admin_handlers import (
ImportError: cannot import name 'edit_existing_game' from 'admin_handlers' (/home/ubuntu/admin_handlers.py)
2024-11-20 12:21:40,410 - admin_handlers - INFO - In admin_handlers.py, SELECT_GAME id: 126487199645872
Traceback (most recent call last):
  File "/home/ubuntu/bot.py", line 28, in <module>
    from admin_handlers import (
ImportError: cannot import name 'edit_existing_game' from 'admin_handlers' (/home/ubuntu/admin_handlers.py)
2024-11-20 12:21:42,785 - admin_handlers - INFO - In admin_handlers.py, SELECT_GAME id: 130801329232240
Traceback (most recent call last):
  File "/home/ubuntu/bot.py", line 28, in <module>
    from admin_handlers import (
ImportError: cannot import name 'edit_existing_game' from 'admin_handlers' (/home/ubuntu/admin_handlers.py)
2024-11-20 12:21:45,155 - admin_handlers - INFO - In admin_handlers.py, SELECT_GAME id: 130332571684976
Traceback (most recent call last):
  File "/home/ubuntu/bot.py", line 28, in <module>
    from admin_handlers import (
ImportError: cannot import name 'edit_existing_game' from 'admin_handlers' (/home/ubuntu/admin_handlers.py)
2024-11-20 12:21:47,524 - admin_handlers - INFO - In admin_handlers.py, SELECT_GAME id: 130954098687392
Traceback (most recent call last):
  File "/home/ubuntu/bot.py", line 28, in <module>
    from admin_handlers import (
ImportError: cannot import name 'edit_existing_game' from 'admin_handlers' (/home/ubuntu/admin_handlers.py)
2024-11-20 12:21:49,893 - admin_handlers - INFO - In admin_handlers.py, SELECT_GAME id: 134019105935472
Traceback (most recent call last):
  File "/home/ubuntu/bot.py", line 28, in <module>
    from admin_handlers import (
ImportError: cannot import name 'edit_existing_game' from 'admin_handlers' (/home/ubuntu/admin_handlers.py)
2024-11-20 12:21:52,268 - admin_handlers - INFO - In admin_handlers.py, SELECT_GAME id: 136257095440320
Traceback (most recent call last):
  File "/home/ubuntu/bot.py", line 28, in <module>
    from admin_handlers import (
ImportError: cannot import name 'edit_existing_game' from 'admin_handlers' (/home/ubuntu/admin_handlers.py)
2024-11-20 12:21:53,654 - admin_handlers - INFO - In admin_handlers.py, SELECT_GAME id: 136429568524368
Traceback (most recent call last):
  File "/home/ubuntu/bot.py", line 28, in <module>
    from admin_handlers import (
ImportError: cannot import name 'edit_existing_game' from 'admin_handlers' (/home/ubuntu/admin_handlers.py)
2024-11-20 12:21:56,019 - admin_handlers - INFO - In admin_handlers.py, SELECT_GAME id: 125595347638064
Traceback (most recent call last):
  File "/home/ubuntu/bot.py", line 28, in <module>
    from admin_handlers import (
ImportError: cannot import name 'edit_existing_game' from 'admin_handlers' (/home/ubuntu/admin_handlers.py)
2024-11-20 12:21:59,399 - admin_handlers - INFO - In admin_handlers.py, SELECT_GAME id: 137182654518848
Traceback (most recent call last):
  File "/home/ubuntu/bot.py", line 28, in <module>
    from admin_handlers import (
ImportError: cannot import name 'edit_existing_game' from 'admin_handlers' (/home/ubuntu/admin_handlers.py)
2024-11-20 12:22:01,769 - admin_handlers - INFO - In admin_handlers.py, SELECT_GAME id: 137898388344944
Traceback (most recent call last):
  File "/home/ubuntu/bot.py", line 28, in <module>
    from admin_handlers import (
ImportError: cannot import name 'edit_existing_game' from 'admin_handlers' (/home/ubuntu/admin_handlers.py)
2024-11-20 12:22:04,151 - admin_handlers - INFO - In admin_handlers.py, SELECT_GAME id: 140033702023280
Traceback (most recent call last):
  File "/home/ubuntu/bot.py", line 28, in <module>
    from admin_handlers import (
ImportError: cannot import name 'edit_existing_game' from 'admin_handlers' (/home/ubuntu/admin_handlers.py)
